
css/gallery.css
   [2m5:3[22m   [31m[31mΓ£û[39m  Expected empty line before rule                                         [2mrule-empty-line-before[22m                           
  [2m11:14[22m  [31m[31mΓ£û[39m  Unexpected unit                                                         [2mlength-zero-no-unit[22m                              
  [2m15:18[22m  [31m[31mΓ£û[39m  Unexpected missing generic font family                                  [2mfont-family-no-missing-generic-family-keyword[22m    
  [2m17:3[22m   [31m[31mΓ£û[39m  Expected empty line before rule                                         [2mrule-empty-line-before[22m                           
  [2m32:3[22m   [31m[31mΓ£û[39m  Expected empty line before rule                                         [2mrule-empty-line-before[22m                           
  [2m39:3[22m   [31m[31mΓ£û[39m  Expected empty line before rule                                         [2mrule-empty-line-before[22m                           
  [2m44:3[22m   [31m[31mΓ£û[39m  Expected empty line before rule                                         [2mrule-empty-line-before[22m                           
  [2m49:5[22m   [31m[31mΓ£û[39m  Unexpected shorthand "margin" after "margin-left"                       [2mdeclaration-block-no-shorthand-property-overrides[22m
  [2m51:3[22m   [31m[31mΓ£û[39m  Expected empty line before rule                                         [2mrule-empty-line-before[22m                           
  [2m56:5[22m   [31m[31mΓ£û[39m  Unexpected shorthand "margin" after "margin-left"                       [2mdeclaration-block-no-shorthand-property-overrides[22m
  [2m58:3[22m   [31m[31mΓ£û[39m  Expected empty line before rule                                         [2mrule-empty-line-before[22m                           
  [2m63:5[22m   [31m[31mΓ£û[39m  Unexpected shorthand "margin" after "margin-left"                       [2mdeclaration-block-no-shorthand-property-overrides[22m
  [2m65:3[22m   [31m[31mΓ£û[39m  Expected empty line before rule                                         [2mrule-empty-line-before[22m                           
  [2m70:5[22m   [31m[31mΓ£û[39m  Unexpected shorthand "margin" after "margin-left"                       [2mdeclaration-block-no-shorthand-property-overrides[22m
  [2m72:3[22m   [31m[31mΓ£û[39m  Expected empty line before rule                                         [2mrule-empty-line-before[22m                           
  [2m75:3[22m   [31m[31mΓ£û[39m  Expected empty line before rule                                         [2mrule-empty-line-before[22m                           
  [2m80:5[22m   [31m[31mΓ£û[39m  Unexpected shorthand "margin" after "margin-left"                       [2mdeclaration-block-no-shorthand-property-overrides[22m
  [2m82:3[22m   [31m[31mΓ£û[39m  Expected empty line before rule                                         [2mrule-empty-line-before[22m                           
  [2m89:3[22m   [31m[31mΓ£û[39m  Expected empty line before rule                                         [2mrule-empty-line-before[22m                           
  [2m92:3[22m   [31m[31mΓ£û[39m  Expected empty line before rule                                         [2mrule-empty-line-before[22m                           
 [2m104:3[22m   [31m[31mΓ£û[39m  Expected empty line before rule                                         [2mrule-empty-line-before[22m                           
 [2m117:3[22m   [31m[31mΓ£û[39m  Expected empty line before rule                                         [2mrule-empty-line-before[22m                           
 [2m129:5[22m   [31m[31mΓ£û[39m  Unexpected unknown property "weight"                                    [2mproperty-no-unknown[22m                              
 [2m132:1[22m   [31m[31mΓ£û[39m  Expected empty line before at-rule                                      [2mat-rule-empty-line-before[22m                        
 [2m135:14[22m  [31m[31mΓ£û[39m  Unexpected unit                                                         [2mlength-zero-no-unit[22m                              
 [2m139:18[22m  [31m[31mΓ£û[39m  Unexpected missing generic font family                                  [2mfont-family-no-missing-generic-family-keyword[22m    
 [2m141:3[22m   [31m[31mΓ£û[39m  Expected empty line before rule                                         [2mrule-empty-line-before[22m                           
 [2m144:3[22m   [31m[31mΓ£û[39m  Expected empty line before rule                                         [2mrule-empty-line-before[22m                           
 [2m149:18[22m  [31m[31mΓ£û[39m  Unexpected missing generic font family                                  [2mfont-family-no-missing-generic-family-keyword[22m    
 [2m151:3[22m   [31m[31mΓ£û[39m  Expected empty line before rule                                         [2mrule-empty-line-before[22m                           
 [2m162:3[22m   [31m[31mΓ£û[39m  Expected empty line before rule                                         [2mrule-empty-line-before[22m                           
 [2m165:3[22m   [31m[31mΓ£û[39m  Expected empty line before rule                                         [2mrule-empty-line-before[22m                           
 [2m170:3[22m   [31m[31mΓ£û[39m  Expected empty line before rule                                         [2mrule-empty-line-before[22m                           
 [2m176:3[22m   [31m[31mΓ£û[39m  Expected empty line before rule                                         [2mrule-empty-line-before[22m                           
 [2m183:3[22m   [31m[31mΓ£û[39m  Expected empty line before rule                                         [2mrule-empty-line-before[22m                           
 [2m187:3[22m   [31m[31mΓ£û[39m  Expected empty line before rule                                         [2mrule-empty-line-before[22m                           
 [2m196:3[22m   [31m[31mΓ£û[39m  Expected empty line before rule                                         [2mrule-empty-line-before[22m                           
 [2m200:3[22m   [31m[31mΓ£û[39m  Expected empty line before rule                                         [2mrule-empty-line-before[22m                           
 [2m205:5[22m   [31m[31mΓ£û[39m  Unexpected shorthand "margin" after "margin-left"                       [2mdeclaration-block-no-shorthand-property-overrides[22m
 [2m207:3[22m   [31m[31mΓ£û[39m  Expected empty line before rule                                         [2mrule-empty-line-before[22m                           
 [2m212:5[22m   [31m[31mΓ£û[39m  Unexpected shorthand "margin" after "margin-left"                       [2mdeclaration-block-no-shorthand-property-overrides[22m
 [2m214:3[22m   [31m[31mΓ£û[39m  Expected empty line before rule                                         [2mrule-empty-line-before[22m                           
 [2m219:5[22m   [31m[31mΓ£û[39m  Unexpected shorthand "margin" after "margin-left"                       [2mdeclaration-block-no-shorthand-property-overrides[22m
 [2m221:3[22m   [31m[31mΓ£û[39m  Expected empty line before rule                                         [2mrule-empty-line-before[22m                           
 [2m226:5[22m   [31m[31mΓ£û[39m  Unexpected shorthand "margin" after "margin-left"                       [2mdeclaration-block-no-shorthand-property-overrides[22m
 [2m228:3[22m   [31m[31mΓ£û[39m  Expected empty line before rule                                         [2mrule-empty-line-before[22m                           
 [2m233:5[22m   [31m[31mΓ£û[39m  Unexpected shorthand "margin" after "margin-left"                       [2mdeclaration-block-no-shorthand-property-overrides[22m
 [2m235:3[22m   [31m[31mΓ£û[39m  Expected empty line before rule                                         [2mrule-empty-line-before[22m                           
 [2m248:3[22m   [31m[31mΓ£û[39m  Unexpected duplicate selector "#interact-area", first used at line 183  [2mno-duplicate-selectors[22m                           
 [2m248:3[22m   [31m[31mΓ£û[39m  Expected empty line before rule                                         [2mrule-empty-line-before[22m                           

css/index.css
   [2m3:3[22m   [31m[31mΓ£û[39m  Unexpected empty line before rule         [2mrule-empty-line-before[22m                       
   [2m5:14[22m  [31m[31mΓ£û[39m  Unexpected unit                           [2mlength-zero-no-unit[22m                          
   [2m9:18[22m  [31m[31mΓ£û[39m  Unexpected missing generic font family    [2mfont-family-no-missing-generic-family-keyword[22m
  [2m66:5[22m   [31m[31mΓ£û[39m  Unexpected empty line before declaration  [2mdeclaration-empty-line-before[22m                
  [2m82:23[22m  [31m[31mΓ£û[39m  Expected "#FDB833" to be "#fdb833"        [2mcolor-hex-case[22m                               
  [2m83:12[22m  [31m[31mΓ£û[39m  Expected "#7C3626" to be "#7c3626"        [2mcolor-hex-case[22m                               
  [2m88:18[22m  [31m[31mΓ£û[39m  Unexpected missing generic font family    [2mfont-family-no-missing-generic-family-keyword[22m
 [2m101:18[22m  [31m[31mΓ£û[39m  Unexpected missing generic font family    [2mfont-family-no-missing-generic-family-keyword[22m
 [2m109:23[22m  [31m[31mΓ£û[39m  Expected "#FDB833" to be "#fdb833"        [2mcolor-hex-case[22m                               
 [2m110:12[22m  [31m[31mΓ£û[39m  Expected "#7C3626" to be "#7c3626"        [2mcolor-hex-case[22m                               
 [2m115:18[22m  [31m[31mΓ£û[39m  Unexpected missing generic font family    [2mfont-family-no-missing-generic-family-keyword[22m
 [2m126:3[22m   [31m[31mΓ£û[39m  Unexpected empty line before rule         [2mrule-empty-line-before[22m                       
 [2m128:14[22m  [31m[31mΓ£û[39m  Unexpected unit                           [2mlength-zero-no-unit[22m                          
 [2m132:18[22m  [31m[31mΓ£û[39m  Unexpected missing generic font family    [2mfont-family-no-missing-generic-family-keyword[22m
 [2m144:18[22m  [31m[31mΓ£û[39m  Unexpected missing generic font family    [2mfont-family-no-missing-generic-family-keyword[22m
 [2m177:23[22m  [31m[31mΓ£û[39m  Expected "#FDB833" to be "#fdb833"        [2mcolor-hex-case[22m                               
 [2m178:12[22m  [31m[31mΓ£û[39m  Expected "#7C3626" to be "#7c3626"        [2mcolor-hex-case[22m                               
 [2m197:18[22m  [31m[31mΓ£û[39m  Unexpected missing generic font family    [2mfont-family-no-missing-generic-family-keyword[22m
 [2m204:5[22m   [31m[31mΓ£û[39m  Unexpected duplicate "text-align"         [2mdeclaration-block-no-duplicate-properties[22m    
 [2m212:23[22m  [31m[31mΓ£û[39m  Expected "#FDB833" to be "#fdb833"        [2mcolor-hex-case[22m                               
 [2m213:12[22m  [31m[31mΓ£û[39m  Expected "#7C3626" to be "#7c3626"        [2mcolor-hex-case[22m                               
 [2m224:1[22m   [31m[31mΓ£û[39m  Unexpected missing end-of-source newline  [2mno-missing-end-of-source-newline[22m             

css/information.css
   [2m3:3[22m   [31m[31mΓ£û[39m  Unexpected empty line before rule         [2mrule-empty-line-before[22m                       
   [2m5:14[22m  [31m[31mΓ£û[39m  Unexpected unit                           [2mlength-zero-no-unit[22m                          
   [2m9:18[22m  [31m[31mΓ£û[39m  Unexpected missing generic font family    [2mfont-family-no-missing-generic-family-keyword[22m
  [2m66:5[22m   [31m[31mΓ£û[39m  Unexpected empty line before declaration  [2mdeclaration-empty-line-before[22m                
  [2m82:23[22m  [31m[31mΓ£û[39m  Expected "#FDB833" to be "#fdb833"        [2mcolor-hex-case[22m                               
  [2m83:12[22m  [31m[31mΓ£û[39m  Expected "#7C3626" to be "#7c3626"        [2mcolor-hex-case[22m                               
  [2m88:18[22m  [31m[31mΓ£û[39m  Unexpected missing generic font family    [2mfont-family-no-missing-generic-family-keyword[22m
 [2m101:18[22m  [31m[31mΓ£û[39m  Unexpected missing generic font family    [2mfont-family-no-missing-generic-family-keyword[22m
 [2m110:3[22m   [31m[31mΓ£û[39m  Unexpected empty line before rule         [2mrule-empty-line-before[22m                       
 [2m112:14[22m  [31m[31mΓ£û[39m  Unexpected unit                           [2mlength-zero-no-unit[22m                          
 [2m116:18[22m  [31m[31mΓ£û[39m  Unexpected missing generic font family    [2mfont-family-no-missing-generic-family-keyword[22m
 [2m128:18[22m  [31m[31mΓ£û[39m  Unexpected missing generic font family    [2mfont-family-no-missing-generic-family-keyword[22m
 [2m161:23[22m  [31m[31mΓ£û[39m  Expected "#FDB833" to be "#fdb833"        [2mcolor-hex-case[22m                               
 [2m162:12[22m  [31m[31mΓ£û[39m  Expected "#7C3626" to be "#7c3626"        [2mcolor-hex-case[22m                               
 [2m181:18[22m  [31m[31mΓ£û[39m  Unexpected missing generic font family    [2mfont-family-no-missing-generic-family-keyword[22m
 [2m187:5[22m   [31m[31mΓ£û[39m  Unexpected duplicate "text-align"         [2mdeclaration-block-no-duplicate-properties[22m    
 [2m193:1[22m   [31m[31mΓ£û[39m  Unexpected missing end-of-source newline  [2mno-missing-end-of-source-newline[22m             

css/settings.css
   [2m5:3[22m   [31m[31mΓ£û[39m  Expected empty line before rule         [2mrule-empty-line-before[22m                       
  [2m11:14[22m  [31m[31mΓ£û[39m  Unexpected unit                         [2mlength-zero-no-unit[22m                          
  [2m15:18[22m  [31m[31mΓ£û[39m  Unexpected missing generic font family  [2mfont-family-no-missing-generic-family-keyword[22m
  [2m17:3[22m   [31m[31mΓ£û[39m  Expected empty line before rule         [2mrule-empty-line-before[22m                       
  [2m35:3[22m   [31m[31mΓ£û[39m  Expected empty line before rule         [2mrule-empty-line-before[22m                       
  [2m48:3[22m   [31m[31mΓ£û[39m  Expected empty line before rule         [2mrule-empty-line-before[22m                       
  [2m51:3[22m   [31m[31mΓ£û[39m  Expected empty line before rule         [2mrule-empty-line-before[22m                       
  [2m65:3[22m   [31m[31mΓ£û[39m  Expected empty line before rule         [2mrule-empty-line-before[22m                       
  [2m69:3[22m   [31m[31mΓ£û[39m  Expected empty line before rule         [2mrule-empty-line-before[22m                       
  [2m73:3[22m   [31m[31mΓ£û[39m  Expected empty line before rule         [2mrule-empty-line-before[22m                       
  [2m85:3[22m   [31m[31mΓ£û[39m  Expected empty line before rule         [2mrule-empty-line-before[22m                       
  [2m91:3[22m   [31m[31mΓ£û[39m  Expected empty line before rule         [2mrule-empty-line-before[22m                       
  [2m95:3[22m   [31m[31mΓ£û[39m  Expected empty line before rule         [2mrule-empty-line-before[22m                       
 [2m108:3[22m   [31m[31mΓ£û[39m  Expected empty line before rule         [2mrule-empty-line-before[22m                       
 [2m118:3[22m   [31m[31mΓ£û[39m  Expected empty line before rule         [2mrule-empty-line-before[22m                       
 [2m128:3[22m   [31m[31mΓ£û[39m  Expected empty line before rule         [2mrule-empty-line-before[22m                       
 [2m138:3[22m   [31m[31mΓ£û[39m  Expected empty line before rule         [2mrule-empty-line-before[22m                       
 [2m149:3[22m   [31m[31mΓ£û[39m  Expected empty line before rule         [2mrule-empty-line-before[22m                       
 [2m152:5[22m   [31m[31mΓ£û[39m  Unexpected unknown property "weight"    [2mproperty-no-unknown[22m                          
 [2m155:1[22m   [31m[31mΓ£û[39m  Expected empty line before at-rule      [2mat-rule-empty-line-before[22m                    
 [2m158:14[22m  [31m[31mΓ£û[39m  Unexpected unit                         [2mlength-zero-no-unit[22m                          
 [2m162:18[22m  [31m[31mΓ£û[39m  Unexpected missing generic font family  [2mfont-family-no-missing-generic-family-keyword[22m
 [2m164:3[22m   [31m[31mΓ£û[39m  Expected empty line before rule         [2mrule-empty-line-before[22m                       
 [2m167:3[22m   [31m[31mΓ£û[39m  Expected empty line before rule         [2mrule-empty-line-before[22m                       
 [2m172:18[22m  [31m[31mΓ£û[39m  Unexpected missing generic font family  [2mfont-family-no-missing-generic-family-keyword[22m
 [2m174:3[22m   [31m[31mΓ£û[39m  Expected empty line before rule         [2mrule-empty-line-before[22m                       
 [2m185:3[22m   [31m[31mΓ£û[39m  Expected empty line before rule         [2mrule-empty-line-before[22m                       
 [2m188:3[22m   [31m[31mΓ£û[39m  Expected empty line before rule         [2mrule-empty-line-before[22m                       
 [2m193:3[22m   [31m[31mΓ£û[39m  Expected empty line before rule         [2mrule-empty-line-before[22m                       
 [2m199:3[22m   [31m[31mΓ£û[39m  Expected empty line before rule         [2mrule-empty-line-before[22m                       
 [2m206:3[22m   [31m[31mΓ£û[39m  Expected empty line before rule         [2mrule-empty-line-before[22m                       
 [2m218:3[22m   [31m[31mΓ£û[39m  Expected empty line before rule         [2mrule-empty-line-before[22m                       
 [2m228:3[22m   [31m[31mΓ£û[39m  Expected empty line before rule         [2mrule-empty-line-before[22m                       
 [2m238:3[22m   [31m[31mΓ£û[39m  Expected empty line before rule         [2mrule-empty-line-before[22m                       
 [2m248:3[22m   [31m[31mΓ£û[39m  Expected empty line before rule         [2mrule-empty-line-before[22m                       
 [2m258:3[22m   [31m[31mΓ£û[39m  Expected empty line before rule         [2mrule-empty-line-before[22m                       
 [2m269:3[22m   [31m[31mΓ£û[39m  Expected empty line before rule         [2mrule-empty-line-before[22m

